
> admin-dashboard@0.1.0 build C:\Users\User\Desktop\Workshop\Naija Trivia\apps\admin-dashboard
> next build

node.exe : ΓÜá Warning: Next.js 
inferred your workspace root, but it 
may not be correct.
At C:\Users\User\AppData\Roaming\npm\pnp
m.ps1:24 char:5
+     & "node$exe"  "$basedir/node_modul
es/pnpm/bin/pnpm.cjs" $args
+     ~~~~~~~~~~~~~~~~~~~~~~~~~~~~~~~~~~
~~~~~~~~~~~~~~~~~~~~~~~~~~~
    + CategoryInfo          : NotSpecif 
   ied: (ΓÜá Warning: Ne...not be corr  
  ect.:String) [], RemoteException
    + FullyQualifiedErrorId : NativeCom 
   mandError
 
 We detected multiple lockfiles and 
selected the directory of 
C:\Users\User\Desktop\Workshop\Naija 
Trivia\pnpm-lock.yaml as the root 
directory.
 To silence this warning, set 
`turbopack.root` in your Next.js 
config, or consider removing one of the 
lockfiles if it's not needed.
   See https://nextjs.org/docs/app/api-r
eference/config/next-config-js/turbopack
#root-directory for more information.
 Detected additional lockfiles: 
   * 
C:\Users\User\Desktop\Workshop\Naija Tri
via\apps\admin-dashboard\pnpm-lock.yaml

Γû▓ Next.js 16.1.4 (Turbopack)

  Creating an optimized production build ...
Error: Cannot apply unknown utility 
class `border-border`. Are you using 
CSS modules or similar and missing 
`@reference`? https://tailwindcss.com/do
cs/functions-and-directives#reference-di
rective
    [2m[at onInvalidCandidate 
(C:\Users\User\Desktop\Workshop\Naija Tr
ivia\node_modules\.pnpm\tailwindcss@4.1.
18\node_modules\tailwindcss\dist\lib.js:
21:1314)][0m
    [2m[at Te 
(C:\Users\User\Desktop\Workshop\Naija Tr
ivia\node_modules\.pnpm\tailwindcss@4.1.
18\node_modules\tailwindcss\dist\lib.js:
16:36652)][0m
    [2m[at 
C:\Users\User\Desktop\Workshop\Naija Tri
via\node_modules\.pnpm\tailwindcss@4.1.1
8\node_modules\tailwindcss\dist\lib.js:2
1:355][0m
    [2m[at Rr 
(C:\Users\User\Desktop\Workshop\Naija Tr
ivia\node_modules\.pnpm\tailwindcss@4.1.
18\node_modules\tailwindcss\dist\lib.js:
3:1718)][0m
    [2m[at _ 
(C:\Users\User\Desktop\Workshop\Naija Tr
ivia\node_modules\.pnpm\tailwindcss@4.1.
18\node_modules\tailwindcss\dist\lib.js:
3:1377)][0m
    [2m[at $e 
(C:\Users\User\Desktop\Workshop\Naija Tr
ivia\node_modules\.pnpm\tailwindcss@4.1.
18\node_modules\tailwindcss\dist\lib.js:
21:172)][0m
    [2m[at un 
(C:\Users\User\Desktop\Workshop\Naija Tr
ivia\node_modules\.pnpm\tailwindcss@4.1.
18\node_modules\tailwindcss\dist\lib.js:
38:294)][0m
    [2m[at 
process.processTicksAndRejections (node:
internal/process/task_queues:105:5)][0m
    [2m[at async cn 
(C:\Users\User\Desktop\Workshop\Naija Tr
ivia\node_modules\.pnpm\tailwindcss@4.1.
18\node_modules\tailwindcss\dist\lib.js:
38:631)][0m
    [2m[at async Xr 
(C:\Users\User\Desktop\Workshop\Naija Tr
ivia\node_modules\.pnpm\@tailwindcss+nod
e@4.1.18\node_modules\@tailwindcss\node\
dist\index.js:10:3417)][0m
Turbopack build encountered 1 warnings:
./apps/admin-dashboard/tailwind.config.t
s:71:13
Module not found: Can't resolve 
'tailwindcss-animate'
[0m [90m 69 |[39m     }[33m,[39m
 [90m 70 |[39m   }[33m,[39m
[31m[1m>[22m[39m[90m 71 |[39m   
plugins[33m:[39m [require([32m"tailwi
ndcss-animate"[39m)][33m,[39m
 [90m    |[39m             [31m[1m^
[22m[39m[31m[1m^[22m[39m[31m[1m^
[22m[39m[31m[1m^[22m[39m[31m[1m^
[22m[39m[31m[1m^[22m[39m[31m[1m^
[22m[39m[31m[1m^[22m[39m[31m[1m^
[22m[39m[31m[1m^[22m[39m[31m[1m^
[22m[39m[31m[1m^[22m[39m[31m[1m^
[22m[39m[31m[1m^[22m[39m[31m[1m^
[22m[39m[31m[1m^[22m[39m[31m[1m^
[22m[39m[31m[1m^[22m[39m[31m[1m^
[22m[39m[31m[1m^[22m[39m[31m[1m^
[22m[39m[31m[1m^[22m[39m[31m[1m^
[22m[39m[31m[1m^[22m[39m[31m[1m^
[22m[39m[31m[1m^[22m[39m[31m[1m^
[22m[39m[31m[1m^[22m[39m[31m[1m^
[22m[39m[31m[1m^[22m[39m
 [90m 72 |[39m }[33m;[39m
 [90m 73 |[39m [36mexport[39m 
[36mdefault[39m config[33m;[39m
 [90m 74 |[39m[0m



https://nextjs.org/docs/messages/module-
not-found



> Build error occurred
Error: Turbopack build failed with 3 
errors:
./apps/admin-dashboard/src/app/globals.c
ss
Error evaluating Node.js code
CssSyntaxError: tailwindcss: 
C:\Users\User\Desktop\Workshop\Naija Tri
via\apps\admin-dashboard\src\app\globals
.css:1:1: Cannot apply unknown utility 
class `border-border`. Are you using 
CSS modules or similar and missing 
`@reference`? https://tailwindcss.com/do
cs/functions-and-directives#reference-di
rective
    at Input.error (node_modules/.pnpm/p
ostcss@8.4.31/node_modules/postcss/lib/i
nput.js:106:16) 
[C:\Users\User\Desktop\Workshop\Naija Tr
ivia\apps\admin-dashboard\.next\build\ch
unks\node_modules__pnpm_56ec7204._.js:41
32:22]
    at Root.error (node_modules/.pnpm/po
stcss@8.4.31/node_modules/postcss/lib/no
de.js:115:32) 
[C:\Users\User\Desktop\Workshop\Naija Tr
ivia\apps\admin-dashboard\.next\build\ch
unks\node_modules__pnpm_56ec7204._.js:89
5:38]
    [at Object.Once 
(C:\Users\User\Desktop\Workshop\Naija Tr
ivia\node_modules\.pnpm\@tailwindcss+pos
tcss@4.1.18\node_modules\@tailwindcss\po
stcss\dist\index.js:10:6911)]
    [at 
process.processTicksAndRejections (node:
internal/process/task_queues:105:5)]
    at async LazyResult.runAsync (node_m
odules/.pnpm/postcss@8.4.31/node_modules
/postcss/lib/lazy-result.js:261:11) 
[C:\Users\User\Desktop\Workshop\Naija Tr
ivia\apps\admin-dashboard\.next\build\ch
unks\node_modules__pnpm_56ec7204._.js:60
52:21]
    at async transform (turbopack:///[tu
rbopack-node]/transforms/postcss.ts:70:3
4) 
[C:\Users\User\Desktop\Workshop\Naija Tr
ivia\apps\admin-dashboard\.next\build\ch
unks\[root-of-the-server]__c21f448e._.js
:146:36]
    at async run (turbopack:///[turbopac
k-node]/ipc/evaluate.ts:92:23) 
[C:\Users\User\Desktop\Workshop\Naija Tr
ivia\apps\admin-dashboard\.next\build\ch
unks\[root-of-the-server]__4d51b022._.js
:443:31]

Import trace:
  Client Component Browser:
    ./apps/admin-dashboard/src/app/globa
ls.css [Client Component Browser]
    ./apps/admin-dashboard/src/app/layou
t.tsx [Server Component]


./apps/admin-dashboard/src/components/ui
/button.tsx:2:1
Module not found: Can't resolve 
'@radix-ui/react-slot'
[0m [90m 1 |[39m [36mimport[39m 
[33m*[39m [36mas[39m 
[33mReact[39m [36mfrom[39m 
[32m"react"[39m
[31m[1m>[22m[39m[90m 2 |[39m 
[36mimport[39m { [33mSlot[39m } 
[36mfrom[39m 
[32m"@radix-ui/react-slot"[39m
 [90m   |[39m [31m[1m^[22m[39m[31
m[1m^[22m[39m[31m[1m^[22m[39m[31
m[1m^[22m[39m[31m[1m^[22m[39m[31
m[1m^[22m[39m[31m[1m^[22m[39m[31
m[1m^[22m[39m[31m[1m^[22m[39m[31
m[1m^[22m[39m[31m[1m^[22m[39m[31
m[1m^[22m[39m[31m[1m^[22m[39m[31
m[1m^[22m[39m[31m[1m^[22m[39m[31
m[1m^[22m[39m[31m[1m^[22m[39m[31
m[1m^[22m[39m[31m[1m^[22m[39m[31
m[1m^[22m[39m[31m[1m^[22m[39m[31
m[1m^[22m[39m[31m[1m^[22m[39m[31
m[1m^[22m[39m[31m[1m^[22m[39m[31
m[1m^[22m[39m[31m[1m^[22m[39m[31
m[1m^[22m[39m[31m[1m^[22m[39m[31
m[1m^[22m[39m[31m[1m^[22m[39m[31
m[1m^[22m[39m[31m[1m^[22m[39m[31
m[1m^[22m[39m[31m[1m^[22m[39m[31
m[1m^[22m[39m[31m[1m^[22m[39m[31
m[1m^[22m[39m[31m[1m^[22m[39m[31
m[1m^[22m[39m[31m[1m^[22m[39m[31
m[1m^[22m[39m[31m[1m^[22m[39m
 [90m 3 |[39m [36mimport[39m { 
cva[33m,[39m type 
[33mVariantProps[39m } [36mfrom[39m 
[32m"class-variance-authority"[39m
 [90m 4 |[39m
 [90m 5 |[39m [36mimport[39m { cn } 
[36mfrom[39m 
[32m"@/lib/utils"[39m[0m



Import trace:
  Server Component:
    ./apps/admin-dashboard/src/component
s/ui/button.tsx
    ./apps/admin-dashboard/src/app/draft
s/page.tsx

https://nextjs.org/docs/messages/module-
not-found


./apps/admin-dashboard/src/components/ui
/button.tsx:3:1
Module not found: Can't resolve 
'class-variance-authority'
[0m [90m 1 |[39m [36mimport[39m 
[33m*[39m [36mas[39m 
[33mReact[39m [36mfrom[39m 
[32m"react"[39m
 [90m 2 |[39m [36mimport[39m { 
[33mSlot[39m } [36mfrom[39m 
[32m"@radix-ui/react-slot"[39m
[31m[1m>[22m[39m[90m 3 |[39m 
[36mimport[39m { cva[33m,[39m type 
[33mVariantProps[39m } [36mfrom[39m 
[32m"class-variance-authority"[39m
 [90m   |[39m [31m[1m^[22m[39m[31
m[1m^[22m[39m[31m[1m^[22m[39m[31
m[1m^[22m[39m[31m[1m^[22m[39m[31
m[1m^[22m[39m[31m[1m^[22m[39m[31
m[1m^[22m[39m[31m[1m^[22m[39m[31
m[1m^[22m[39m[31m[1m^[22m[39m[31
m[1m^[22m[39m[31m[1m^[22m[39m[31
m[1m^[22m[39m[31m[1m^[22m[39m[31
m[1m^[22m[39m[31m[1m^[22m[39m[31
m[1m^[22m[39m[31m[1m^[22m[39m[31
m[1m^[22m[39m[31m[1m^[22m[39m[31
m[1m^[22m[39m[31m[1m^[22m[39m[31
m[1m^[22m[39m[31m[1m^[22m[39m[31
m[1m^[22m[39m[31m[1m^[22m[39m[31
m[1m^[22m[39m[31m[1m^[22m[39m[31
m[1m^[22m[39m[31m[1m^[22m[39m[31
m[1m^[22m[39m[31m[1m^[22m[39m[31
m[1m^[22m[39m[31m[1m^[22m[39m[31
m[1m^[22m[39m[31m[1m^[22m[39m[31
m[1m^[22m[39m[31m[1m^[22m[39m[31
m[1m^[22m[39m[31m[1m^[22m[39m[31
m[1m^[22m[39m[31m[1m^[22m[39m[31
m[1m^[22m[39m[31m[1m^[22m[39m[31
m[1m^[22m[39m[31m[1m^[22m[39m[31
m[1m^[22m[39m[31m[1m^[22m[39m[31
m[1m^[22m[39m[31m[1m^[22m[39m[31
m[1m^[22m[39m[31m[1m^[22m[39m[31
m[1m^[22m[39m[31m[1m^[22m[39m[31
m[1m^[22m[39m[31m[1m^[22m[39m[31
m[1m^[22m[39m[31m[1m^[22m[39m[31
m[1m^[22m[39m[31m[1m^[22m[39m[31
m[1m^[22m[39m[31m[1m^[22m[39m[31
m[1m^[22m[39m[31m[1m^[22m[39m
 [90m 4 |[39m
 [90m 5 |[39m [36mimport[39m { cn } 
[36mfrom[39m [32m"@/lib/utils"[39m
 [90m 6 |[39m[0m



Import trace:
  Server Component:
    ./apps/admin-dashboard/src/component
s/ui/button.tsx
    ./apps/admin-dashboard/src/app/draft
s/page.tsx

https://nextjs.org/docs/messages/module-
not-found


    at async transform (turbopack:///[tu
rbopack-node]/transforms/postcss.ts:70:3
4) 
[C:\Users\User\Desktop\Workshop\Naija Tr
ivia\apps\admin-dashboard\.next\build\ch
unks\[root-of-the-server]__c21f448e._.js
:146:36])
    at async run (turbopack:///[turbopac
k-node]/ipc/evaluate.ts:92:23) 
[C:\Users\User\Desktop\Workshop\Naija Tr
ivia\apps\admin-dashboard\.next\build\ch
unks\[root-of-the-server]__4d51b022._.js
:443:31])
    at <unknown> (./apps/admin-dashboard
/src/components/ui/button.tsx:2:1)
    at <unknown> (https://nextjs.org/doc
s/messages/module-not-found)
    at <unknown> (./apps/admin-dashboard
/src/components/ui/button.tsx:3:1)
    at <unknown> (https://nextjs.org/doc
s/messages/module-not-found)
ΓÇëELIFECYCLEΓÇë Command failed with exit code 1.
